
> octoops_backend@1.0.0 build
> tsc

controllers/teamController.ts(342,17): error TS2322: Type 'string | null | undefined' is not assignable to type 'string | undefined'.
  Type 'null' is not assignable to type 'string | undefined'.
